
PROGRAM "X:\ICONN\an2295\an2295sw\src\S08JM-USB\bin\hc08sprg-jm60-usb.abs"

*********************************************************************************************
TARGET SECTION
---------------------------------------------------------------------------------------------
Processor   : Freescale HC08
Memory Model: SMALL
File Format : ELF\DWARF 2.0
Linker      : SmartLinker V-5.0.37 Build 9279, Oct  7 2009

*********************************************************************************************
FILE SECTION
---------------------------------------------------------------------------------------------
main.c.o                                Model: SMALL,         Lang: ANSI-C
RTSHC08.C.o (ansiis.lib)                Model: SMALL,         Lang: ANSI-C
MC9S08JM60.C.o                          Model: SMALL,         Lang: ANSI-C
Start08.c.o                             Model: SMALL,         Lang: ANSI-C
doonstack.asm.o                         Model: SMALL,         Lang: Assembler
vectors.asm.o                           Model: SMALL,         Lang: Assembler
usb.c.o                                 Model: SMALL,         Lang: ANSI-C
cdct_usb_config.c.o                     Model: SMALL,         Lang: ANSI-C
usb_cdc.c.o                             Model: SMALL,         Lang: ANSI-C
target.c.o                              Model: SMALL,         Lang: ANSI-C

*********************************************************************************************
STARTUP SECTION
---------------------------------------------------------------------------------------------
Entry point: 0xE87B (_Startup)
_startupData is allocated at 0xE884 and uses 6 Bytes
extern struct _tagStartup {
  unsigned nofZeroOut     1
  _Range   pZeroOut       0x100     293
  _Copy    *toCopyDownBeg 0xFE92
} _startupData;

*********************************************************************************************
SECTION-ALLOCATION SECTION
Section Name                    Size  Type     From       To       Segment
---------------------------------------------------------------------------------------------
.data                              7   R/W      0x100      0x106   RAM
.text                           5223     R     0xE896     0xFCFC   PROT_ROM
.rodata                          193     R     0xFCFD     0xFDBD   PROT_ROM
.rodata1                          30     R     0xFDBE     0xFDDB   PROT_ROM
VECTROM                            1     R     0xE7BF     0xE7BF   VECT_ROM
BLVECTROM                          1     R     0xFFC0     0xFFC0   BVECT_ROM
.abs_section_ffbf                  1     R     0xFFBF     0xFFBF   .absSeg0
.abs_section_ffbd                  1     R     0xFFBD     0xFFBD   .absSeg1
.abs_section_0                     1   N/I        0x0        0x0   .absSeg2
.abs_section_1                     1   N/I        0x1        0x1   .absSeg3
.abs_section_2                     1   N/I        0x2        0x2   .absSeg4
.abs_section_3                     1   N/I        0x3        0x3   .absSeg5
.abs_section_4                     1   N/I        0x4        0x4   .absSeg6
.abs_section_5                     1   N/I        0x5        0x5   .absSeg7
.abs_section_6                     1   N/I        0x6        0x6   .absSeg8
.abs_section_7                     1   N/I        0x7        0x7   .absSeg9
.abs_section_8                     1   N/I        0x8        0x8   .absSeg10
.abs_section_9                     1   N/I        0x9        0x9   .absSeg11
.abs_section_a                     1   N/I        0xA        0xA   .absSeg12
.abs_section_b                     1   N/I        0xB        0xB   .absSeg13
.abs_section_c                     1   N/I        0xC        0xC   .absSeg14
.abs_section_d                     1   N/I        0xD        0xD   .absSeg15
.abs_section_e                     1   N/I        0xE        0xE   .absSeg16
.abs_section_10                    1   N/I       0x10       0x10   .absSeg17
.abs_section_11                    1   N/I       0x11       0x11   .absSeg18
.abs_section_16                    1   N/I       0x16       0x16   .absSeg19
.abs_section_17                    1   N/I       0x17       0x17   .absSeg20
.abs_section_18                    1   N/I       0x18       0x18   .absSeg21
.abs_section_1b                    1   N/I       0x1B       0x1B   .absSeg22
.abs_section_1c                    1   N/I       0x1C       0x1C   .absSeg23
.abs_section_1d                    1   N/I       0x1D       0x1D   .absSeg24
.abs_section_1e                    1   N/I       0x1E       0x1E   .absSeg25
.abs_section_20                    1   N/I       0x20       0x20   .absSeg26
.abs_section_25                    1   N/I       0x25       0x25   .absSeg27
.abs_section_28                    1   N/I       0x28       0x28   .absSeg28
.abs_section_2b                    1   N/I       0x2B       0x2B   .absSeg29
.abs_section_2e                    1   N/I       0x2E       0x2E   .absSeg30
.abs_section_31                    1   N/I       0x31       0x31   .absSeg31
.abs_section_34                    1   N/I       0x34       0x34   .absSeg32
.abs_section_3a                    1   N/I       0x3A       0x3A   .absSeg33
.abs_section_3b                    1   N/I       0x3B       0x3B   .absSeg34
.abs_section_3c                    1   N/I       0x3C       0x3C   .absSeg35
.abs_section_3d                    1   N/I       0x3D       0x3D   .absSeg36
.abs_section_3e                    1   N/I       0x3E       0x3E   .absSeg37
.abs_section_3f                    1   N/I       0x3F       0x3F   .absSeg38
.abs_section_42                    1   N/I       0x42       0x42   .absSeg39
.abs_section_43                    1   N/I       0x43       0x43   .absSeg40
.abs_section_44                    1   N/I       0x44       0x44   .absSeg41
.abs_section_45                    1   N/I       0x45       0x45   .absSeg42
.abs_section_46                    1   N/I       0x46       0x46   .absSeg43
.abs_section_47                    1   N/I       0x47       0x47   .absSeg44
.abs_section_48                    1   N/I       0x48       0x48   .absSeg45
.abs_section_49                    1   N/I       0x49       0x49   .absSeg46
.abs_section_4a                    1   N/I       0x4A       0x4A   .absSeg47
.abs_section_4b                    1   N/I       0x4B       0x4B   .absSeg48
.abs_section_4c                    1   N/I       0x4C       0x4C   .absSeg49
.abs_section_50                    1   N/I       0x50       0x50   .absSeg50
.abs_section_51                    1   N/I       0x51       0x51   .absSeg51
.abs_section_52                    1   N/I       0x52       0x52   .absSeg52
.abs_section_53                    1   N/I       0x53       0x53   .absSeg53
.abs_section_58                    1   N/I       0x58       0x58   .absSeg54
.abs_section_59                    1   N/I       0x59       0x59   .absSeg55
.abs_section_5a                    1   N/I       0x5A       0x5A   .absSeg56
.abs_section_5b                    1   N/I       0x5B       0x5B   .absSeg57
.abs_section_5c                    1   N/I       0x5C       0x5C   .absSeg58
.abs_section_5d                    1   N/I       0x5D       0x5D   .absSeg59
.abs_section_60                    1   N/I       0x60       0x60   .absSeg60
.abs_section_65                    1   N/I       0x65       0x65   .absSeg61
.abs_section_68                    1   N/I       0x68       0x68   .absSeg62
.abs_section_6c                    1   N/I       0x6C       0x6C   .absSeg63
.abs_section_6d                    1   N/I       0x6D       0x6D   .absSeg64
.abs_section_6e                    1   N/I       0x6E       0x6E   .absSeg65
.abs_section_70                    1   N/I       0x70       0x70   .absSeg66
.abs_section_71                    1   N/I       0x71       0x71   .absSeg67
.abs_section_72                    1   N/I       0x72       0x72   .absSeg68
.abs_section_73                    1   N/I       0x73       0x73   .absSeg69
.abs_section_80                    1   N/I       0x80       0x80   .absSeg70
.abs_section_88                    1   N/I       0x88       0x88   .absSeg71
.abs_section_89                    1   N/I       0x89       0x89   .absSeg72
.abs_section_8a                    1   N/I       0x8A       0x8A   .absSeg73
.abs_section_90                    1   N/I       0x90       0x90   .absSeg74
.abs_section_91                    1   N/I       0x91       0x91   .absSeg75
.abs_section_92                    1   N/I       0x92       0x92   .absSeg76
.abs_section_93                    1   N/I       0x93       0x93   .absSeg77
.abs_section_94                    1   N/I       0x94       0x94   .absSeg78
.abs_section_95                    1   N/I       0x95       0x95   .absSeg79
.abs_section_96                    1   N/I       0x96       0x96   .absSeg80
.abs_section_97                    1   N/I       0x97       0x97   .absSeg81
.abs_section_98                    1   N/I       0x98       0x98   .absSeg82
.abs_section_9d                    1   N/I       0x9D       0x9D   .absSeg83
.abs_section_9e                    1   N/I       0x9E       0x9E   .absSeg84
.abs_section_9f                    1   N/I       0x9F       0x9F   .absSeg85
.abs_section_a0                    1   N/I       0xA0       0xA0   .absSeg86
.abs_section_a1                    1   N/I       0xA1       0xA1   .absSeg87
.abs_section_a2                    1   N/I       0xA2       0xA2   .absSeg88
.abs_section_a3                    1   N/I       0xA3       0xA3   .absSeg89
.abs_section_1800                  1   N/I     0x1800     0x1800   .absSeg90
.abs_section_1801                  1   N/I     0x1801     0x1801   .absSeg91
.abs_section_1802                  1   N/I     0x1802     0x1802   .absSeg92
.abs_section_1803                  1   N/I     0x1803     0x1803   .absSeg93
.abs_section_1809                  1   N/I     0x1809     0x1809   .absSeg94
.abs_section_180a                  1   N/I     0x180A     0x180A   .absSeg95
.abs_section_1816                  1   N/I     0x1816     0x1816   .absSeg96
.abs_section_1817                  1   N/I     0x1817     0x1817   .absSeg97
.abs_section_1818                  1   N/I     0x1818     0x1818   .absSeg98
.abs_section_1820                  1   N/I     0x1820     0x1820   .absSeg99
.abs_section_1821                  1   N/I     0x1821     0x1821   .absSeg100
.abs_section_1823                  1   N/I     0x1823     0x1823   .absSeg101
.abs_section_1824                  1   N/I     0x1824     0x1824   .absSeg102
.abs_section_1825                  1   N/I     0x1825     0x1825   .absSeg103
.abs_section_1826                  1   N/I     0x1826     0x1826   .absSeg104
.abs_section_1840                  1   N/I     0x1840     0x1840   .absSeg105
.abs_section_1841                  1   N/I     0x1841     0x1841   .absSeg106
.abs_section_1842                  1   N/I     0x1842     0x1842   .absSeg107
.abs_section_1844                  1   N/I     0x1844     0x1844   .absSeg108
.abs_section_1845                  1   N/I     0x1845     0x1845   .absSeg109
.abs_section_1846                  1   N/I     0x1846     0x1846   .absSeg110
.abs_section_1848                  1   N/I     0x1848     0x1848   .absSeg111
.abs_section_1849                  1   N/I     0x1849     0x1849   .absSeg112
.abs_section_184a                  1   N/I     0x184A     0x184A   .absSeg113
.abs_section_184c                  1   N/I     0x184C     0x184C   .absSeg114
.abs_section_184d                  1   N/I     0x184D     0x184D   .absSeg115
.abs_section_184e                  1   N/I     0x184E     0x184E   .absSeg116
.abs_section_1850                  1   N/I     0x1850     0x1850   .absSeg117
.abs_section_1851                  1   N/I     0x1851     0x1851   .absSeg118
.abs_section_1852                  1   N/I     0x1852     0x1852   .absSeg119
.abs_section_1854                  1   N/I     0x1854     0x1854   .absSeg120
.abs_section_1855                  1   N/I     0x1855     0x1855   .absSeg121
.abs_section_1856                  1   N/I     0x1856     0x1856   .absSeg122
.abs_section_1858                  1   N/I     0x1858     0x1858   .absSeg123
.abs_section_1859                  1   N/I     0x1859     0x1859   .absSeg124
.abs_section_185a                  1   N/I     0x185A     0x185A   .absSeg125
.abs_section_12                    2   N/I       0x12       0x13   .absSeg126
.abs_section_14                    2   N/I       0x14       0x15   .absSeg127
.abs_section_21                    2   N/I       0x21       0x22   .absSeg128
.abs_section_23                    2   N/I       0x23       0x24   .absSeg129
.abs_section_26                    2   N/I       0x26       0x27   .absSeg130
.abs_section_29                    2   N/I       0x29       0x2A   .absSeg131
.abs_section_2c                    2   N/I       0x2C       0x2D   .absSeg132
.abs_section_2f                    2   N/I       0x2F       0x30   .absSeg133
.abs_section_32                    2   N/I       0x32       0x33   .absSeg134
.abs_section_35                    2   N/I       0x35       0x36   .absSeg135
.abs_section_38                    2   N/I       0x38       0x39   .absSeg136
.abs_section_40                    2   N/I       0x40       0x41   .absSeg137
.abs_section_54                    2   N/I       0x54       0x55   .absSeg138
.abs_section_56                    2   N/I       0x56       0x57   .absSeg139
.abs_section_61                    2   N/I       0x61       0x62   .absSeg140
.abs_section_63                    2   N/I       0x63       0x64   .absSeg141
.abs_section_66                    2   N/I       0x66       0x67   .absSeg142
.abs_section_69                    2   N/I       0x69       0x6A   .absSeg143
.abs_section_74                    2   N/I       0x74       0x75   .absSeg144
.abs_section_76                    2   N/I       0x76       0x77   .absSeg145
.abs_section_1806                  2   N/I     0x1806     0x1807   .absSeg146
.abs_section_1810                  2   N/I     0x1810     0x1811   .absSeg147
.abs_section_1812                  2   N/I     0x1812     0x1813   .absSeg148
.abs_section_1814                  2   N/I     0x1814     0x1815   .absSeg149
.abs_section_fff0                  2     R     0xFFF0     0xFFF1   .absSeg150
.bss                             216   R/W      0x107      0x1DE   RAM
.startData                        18     R     0xE884     0xE895   PROT_ROM
.init                            132     R     0xE800     0xE883   PROT_ROM
.common                           70   R/W      0x1DF      0x224   RAM
MyCode                           182     R     0xFDDC     0xFE91   PROT_ROM
.stack                             1   R/W      0x8AF      0x8AF   .stackSeg
.copy                             12     R     0xFE92     0xFE9D   PROT_ROM
.vectSeg151_vect                   2     R     0xFFFE     0xFFFF   .vectSeg151

Summary of section sizes per section type:
READ_ONLY (R):        16A6 (dec:     5798)
READ_WRITE (R/W):      126 (dec:      294)
NO_INIT (N/I):          AC (dec:      172)

*********************************************************************************************
VECTOR-ALLOCATION SECTION
    Address     InitValue   InitFunction
---------------------------------------------------------------------------------------------
     0xFFFE        0xE87B   _Startup

*********************************************************************************************
OBJECT-ALLOCATION SECTION
     Name               Module                 Addr   hSize   dSize     Ref    Section   RLIB
---------------------------------------------------------------------------------------------
MODULE:                 -- main.c.o --
- PROCEDURES:
     PinDetect                                 E896      25      37       2   .text       
     flash_boot_table                          E8BB      46      70       2   .text       
     putstr                                    E901      1E      30       2   .text       
     main                                      E91F     160     352      10   .text       
- VARIABLES:
     idents                                    FCFD      14      20       1   .rodata     
     STRING.JM32.USB..1                        FDBE       A      10       1   .rodata1    
     STRING..Version..1.0.24.0..2              FDC8      14      20       1   .rodata1    
     MY_NVOPT                                  FFBF       1       1       0   .abs_section_ffbf
     MY_NVPROT                                 FFBD       1       1       0   .abs_section_ffbd
     file_ptr                                   1DF      44      68      18   .common     
     quit                                       223       1       1       3   .common     
     i                                          224       1       1      15   .common     
MODULE:                 -- RTSHC08.C.o (ansiis.lib) --
- PROCEDURES:
     _PUSH_ARGS_L                              EA7F      20      32       1   .text       
     _ENTER_BINARY_L                           EA9F      16      22       2   .text       
     _LSUB_k_is_k_minus_j                      EAB5      1F      31       1   .text       
     _LCMP_k_rel_j                             EAD4      1F      31       1   .text       
     _IMUL_STAR08                              EAF3      27      39       3   .text       
     _LSUB                                     EB1A       6       6       3   .text       
     _LCMP                                     EB20       6       6       6   .text       
     _COPY                                     EB26      30      48       3   .text       
     _POP32                                    EB56      1A      26       3   .text       
     _Jump_Table_Header_Addr                   EB70      2F      47       3   .text       
     _Jump_Table_Header_Offset                 EB9F      24      36       2   .text       
     _Search_Table_8_Offset                    EBC3      25      37       1   .text       
     _PUSH_CC                                  EBE8       F      15       1   .text       
     _POP_CC                                   EBF7       F      15       1   .text       
- VARIABLES:
MODULE:                 -- MC9S08JM60.C.o --
- PROCEDURES:
- VARIABLES:
     _PTAD                                        0       1       1       0   .abs_section_0
     _PTADD                                       1       1       1       0   .abs_section_1
     _PTBD                                        2       1       1       0   .abs_section_2
     _PTBDD                                       3       1       1       0   .abs_section_3
     _PTCD                                        4       1       1       0   .abs_section_4
     _PTCDD                                       5       1       1       4   .abs_section_5
     _PTDD                                        6       1       1       0   .abs_section_6
     _PTDDD                                       7       1       1       2   .abs_section_7
     _PTED                                        8       1       1       0   .abs_section_8
     _PTEDD                                       9       1       1       3   .abs_section_9
     _PTFD                                        A       1       1       0   .abs_section_a
     _PTFDD                                       B       1       1       5   .abs_section_b
     _PTGD                                        C       1       1       2   .abs_section_c
     _PTGDD                                       D       1       1       1   .abs_section_d
     _ACMPSC                                      E       1       1       0   .abs_section_e
     _ADCSC1                                     10       1       1       0   .abs_section_10
     _ADCSC2                                     11       1       1       0   .abs_section_11
     _ADCCFG                                     16       1       1       0   .abs_section_16
     _APCTL1                                     17       1       1       0   .abs_section_17
     _APCTL2                                     18       1       1       0   .abs_section_18
     _IRQSC                                      1B       1       1       0   .abs_section_1b
     _KBISC                                      1C       1       1       0   .abs_section_1c
     _KBIPE                                      1D       1       1       1   .abs_section_1d
     _KBIES                                      1E       1       1       0   .abs_section_1e
     _TPM1SC                                     20       1       1       0   .abs_section_20
     _TPM1C0SC                                   25       1       1       0   .abs_section_25
     _TPM1C1SC                                   28       1       1       0   .abs_section_28
     _TPM1C2SC                                   2B       1       1       0   .abs_section_2b
     _TPM1C3SC                                   2E       1       1       0   .abs_section_2e
     _TPM1C4SC                                   31       1       1       0   .abs_section_31
     _TPM1C5SC                                   34       1       1       0   .abs_section_34
     _SCI1C1                                     3A       1       1       0   .abs_section_3a
     _SCI1C2                                     3B       1       1       0   .abs_section_3b
     _SCI1S1                                     3C       1       1       0   .abs_section_3c
     _SCI1S2                                     3D       1       1       0   .abs_section_3d
     _SCI1C3                                     3E       1       1       0   .abs_section_3e
     _SCI1D                                      3F       1       1       0   .abs_section_3f
     _SCI2C1                                     42       1       1       0   .abs_section_42
     _SCI2C2                                     43       1       1       0   .abs_section_43
     _SCI2S1                                     44       1       1       0   .abs_section_44
     _SCI2S2                                     45       1       1       0   .abs_section_45
     _SCI2C3                                     46       1       1       0   .abs_section_46
     _SCI2D                                      47       1       1       0   .abs_section_47
     _MCGC1                                      48       1       1       2   .abs_section_48
     _MCGC2                                      49       1       1       1   .abs_section_49
     _MCGTRM                                     4A       1       1       0   .abs_section_4a
     _MCGSC                                      4B       1       1       6   .abs_section_4b
     _MCGC3                                      4C       1       1       1   .abs_section_4c
     _SPI1C1                                     50       1       1       0   .abs_section_50
     _SPI1C2                                     51       1       1       0   .abs_section_51
     _SPI1BR                                     52       1       1       0   .abs_section_52
     _SPI1S                                      53       1       1       0   .abs_section_53
     _IICA                                       58       1       1       0   .abs_section_58
     _IICF                                       59       1       1       0   .abs_section_59
     _IICC1                                      5A       1       1       0   .abs_section_5a
     _IICS                                       5B       1       1       0   .abs_section_5b
     _IICD                                       5C       1       1       0   .abs_section_5c
     _IICC2                                      5D       1       1       0   .abs_section_5d
     _TPM2SC                                     60       1       1       0   .abs_section_60
     _TPM2C0SC                                   65       1       1       0   .abs_section_65
     _TPM2C1SC                                   68       1       1       0   .abs_section_68
     _RTCSC                                      6C       1       1       0   .abs_section_6c
     _RTCCNT                                     6D       1       1       0   .abs_section_6d
     _RTCMOD                                     6E       1       1       0   .abs_section_6e
     _SPI2C1                                     70       1       1       0   .abs_section_70
     _SPI2C2                                     71       1       1       0   .abs_section_71
     _SPI2BR                                     72       1       1       0   .abs_section_72
     _SPI2S                                      73       1       1       0   .abs_section_73
     _USBCTL0                                    80       1       1       9   .abs_section_80
     _PERID                                      88       1       1       2   .abs_section_88
     _IDCOMP                                     89       1       1       1   .abs_section_89
     _REV                                        8A       1       1       0   .abs_section_8a
     _INTSTAT                                    90       1       1      10   .abs_section_90
     _INTENB                                     91       1       1       7   .abs_section_91
     _ERRSTAT                                    92       1       1       0   .abs_section_92
     _ERRENB                                     93       1       1       1   .abs_section_93
     _STAT                                       94       1       1       3   .abs_section_94
     _CTL                                        95       1       1       7   .abs_section_95
     _ADDR                                       96       1       1       2   .abs_section_96
     _FRMNUML                                    97       1       1       0   .abs_section_97
     _FRMNUMH                                    98       1       1       0   .abs_section_98
     _EPCTL0                                     9D       1       1       8   .abs_section_9d
     _EPCTL1                                     9E       1       1       2   .abs_section_9e
     _EPCTL2                                     9F       1       1       0   .abs_section_9f
     _EPCTL3                                     A0       1       1       0   .abs_section_a0
     _EPCTL4                                     A1       1       1       0   .abs_section_a1
     _EPCTL5                                     A2       1       1       0   .abs_section_a2
     _EPCTL6                                     A3       1       1       0   .abs_section_a3
     _SRS                                      1800       1       1       0   .abs_section_1800
     _SBDFR                                    1801       1       1       0   .abs_section_1801
     _SOPT1                                    1802       1       1       1   .abs_section_1802
     _SOPT2                                    1803       1       1       0   .abs_section_1803
     _SPMSC1                                   1809       1       1       0   .abs_section_1809
     _SPMSC2                                   180A       1       1       0   .abs_section_180a
     _DBGC                                     1816       1       1       0   .abs_section_1816
     _DBGT                                     1817       1       1       0   .abs_section_1817
     _DBGS                                     1818       1       1       0   .abs_section_1818
     _FCDIV                                    1820       1       1       1   .abs_section_1820
     _FOPT                                     1821       1       1       0   .abs_section_1821
     _FCNFG                                    1823       1       1       0   .abs_section_1823
     _FPROT                                    1824       1       1       0   .abs_section_1824
     _FSTAT                                    1825       1       1       0   .abs_section_1825
     _FCMD                                     1826       1       1       0   .abs_section_1826
     _PTAPE                                    1840       1       1       0   .abs_section_1840
     _PTASE                                    1841       1       1       0   .abs_section_1841
     _PTADS                                    1842       1       1       0   .abs_section_1842
     _PTBPE                                    1844       1       1       0   .abs_section_1844
     _PTBSE                                    1845       1       1       0   .abs_section_1845
     _PTBDS                                    1846       1       1       0   .abs_section_1846
     _PTCPE                                    1848       1       1       0   .abs_section_1848
     _PTCSE                                    1849       1       1       0   .abs_section_1849
     _PTCDS                                    184A       1       1       0   .abs_section_184a
     _PTDPE                                    184C       1       1       0   .abs_section_184c
     _PTDSE                                    184D       1       1       0   .abs_section_184d
     _PTDDS                                    184E       1       1       0   .abs_section_184e
     _PTEPE                                    1850       1       1       0   .abs_section_1850
     _PTESE                                    1851       1       1       0   .abs_section_1851
     _PTEDS                                    1852       1       1       0   .abs_section_1852
     _PTFPE                                    1854       1       1       0   .abs_section_1854
     _PTFSE                                    1855       1       1       0   .abs_section_1855
     _PTFDS                                    1856       1       1       0   .abs_section_1856
     _PTGPE                                    1858       1       1       1   .abs_section_1858
     _PTGSE                                    1859       1       1       0   .abs_section_1859
     _PTGDS                                    185A       1       1       0   .abs_section_185a
     _ADCR                                       12       2       2       0   .abs_section_12
     _ADCCV                                      14       2       2       0   .abs_section_14
     _TPM1CNT                                    21       2       2       0   .abs_section_21
     _TPM1MOD                                    23       2       2       0   .abs_section_23
     _TPM1C0V                                    26       2       2       0   .abs_section_26
     _TPM1C1V                                    29       2       2       0   .abs_section_29
     _TPM1C2V                                    2C       2       2       0   .abs_section_2c
     _TPM1C3V                                    2F       2       2       0   .abs_section_2f
     _TPM1C4V                                    32       2       2       0   .abs_section_32
     _TPM1C5V                                    35       2       2       0   .abs_section_35
     _SCI1BD                                     38       2       2       0   .abs_section_38
     _SCI2BD                                     40       2       2       0   .abs_section_40
     _SPI1D16                                    54       2       2       0   .abs_section_54
     _SPI1M                                      56       2       2       0   .abs_section_56
     _TPM2CNT                                    61       2       2       0   .abs_section_61
     _TPM2MOD                                    63       2       2       0   .abs_section_63
     _TPM2C0V                                    66       2       2       0   .abs_section_66
     _TPM2C1V                                    69       2       2       0   .abs_section_69
     _SPI2D16                                    74       2       2       0   .abs_section_74
     _SPI2M                                      76       2       2       0   .abs_section_76
     _SDID                                     1806       2       2       2   .abs_section_1806
     _DBGCA                                    1810       2       2       0   .abs_section_1810
     _DBGCB                                    1812       2       2       0   .abs_section_1812
     _DBGF                                     1814       2       2       0   .abs_section_1814
MODULE:                 -- Start08.c.o --
- PROCEDURES:
     loadByte                                  E800       E      14       5   .init       
     Init                                      E80E      6D     109       1   .init       
     _Startup                                  E87B       9       9       0   .init       
- VARIABLES:
     _startupData                              E884       6       6       4   .startData  
- LABELS:
     __SEG_END_SSTACK                           8B0       0       0       1               
MODULE:                 -- doonstack.asm.o --
- PROCEDURES:
     DoOnStack                                 FDDC       6       6       0   MyCode      
     SpMoveLoop                                FDE2      18      24       0   MyCode      
     I_set                                     FDFA       5       5       0   MyCode      
     I_cont                                    FDFF       4       4       0   MyCode      
     SpSub                                     FE03      11      17       1   MyCode      
     ChkDone                                   FE14       6       6       0   MyCode      
     SpSubEnd                                  FE1A       1       1       1   MyCode      
     FlashErase1                               FE1B       D      13       2   MyCode      
     FlashProg1                                FE28       D      13       0   MyCode      
     SpSubBurst                                FE35      2E      46       1   MyCode      
     FlashWriteOk                              FE63       4       4       0   MyCode      
     ChkDoneBurst                              FE67       7       7       0   MyCode      
     SpSubEndBurst                             FE6E       1       1       1   MyCode      
     FlashProgBurst                            FE6F       B      11       2   MyCode      
     SpMoveLoopBurst                           FE7A      14      20       0   MyCode      
     I_setBurst                                FE8E       1       1       0   MyCode      
     I_contBurst                               FE8F       3       3       0   MyCode      
- VARIABLES:
MODULE:                 -- vectors.asm.o --
- PROCEDURES:
- VARIABLES:
     VAR00001                                  FFC0       1       1       0   BLVECTROM   
     bl_boot_table                             FFC0       0       0       1   BLVECTROM   
     VAR00002                                  E7BF       1       1       0   VECTROM     
     boot_table                                E7BF       0       0       5   VECTROM     
     usr_boot_table                            E5C0       0       0       3   USRVECTROM  
MODULE:                 -- usb.c.o --
- PROCEDURES:
     usb_get_done                              EC06      29      41       1   .text       
     usb_ep_is_busy                            EC2F      13      19       2   .text       
     usb_get_state                             EC42       4       4       1   .text       
     usb_ep_error                              EC46      11      17       2   .text       
     ep2bdtndx                                 EC57      37      55       8   .text       
     usb_get_rx_pptr                           EC8E      35      53       2   .text       
     send_zero_packet                          ECC3      24      36       2   .text       
     usb_init                                  ECE7      24      36       1   .text       
     usb_stop                                  ED0B      22      34       1   .text       
     usb_setup_ep                              ED2D     1B7     439      12   .text       
     set_config                                EEE4      BB     187       2   .text       
     enter_default_state                       EF9F      26      38       3   .text       
     usb_stop_ep_tx                            EFC5      29      41       3   .text       
     usb_stop_ep_rx                            EFEE      29      41       3   .text       
     ready_ep_tx                               F017      3D      61       2   .text       
     ready_ep_rx                               F054      58      88       2   .text       
     disable_ep                                F0AC       6       6       1   .text       
     _usb_send                                 F0B2     20D     525       9   .text       
     usb_send                                  F2BF      C9     201       5   .text       
     _usb_receive                              F388     164     356       5   .text       
     usb_receive                               F4EC      72     114       2   .text       
     cb_set_address                            F55E      1A      26       1   .text       
     usb_stm_ctrl0                             F578     264     612      24   .text       
     usb_it_handler                            F7DC     1EE     494       6   .text       
- VARIABLES:
     usb_current_config                         107       1       1       2   .bss        
     usb_state                                  108       1       1       5   .bss        
     new_address                                109       1       1       4   .bss        
     ep_info                                    10A      6C     108     139   .bss        
     _Vector_7                                 FFF0       2       2       0   .abs_section_fff0
MODULE:                 -- cdct_usb_config.c.o --
- PROCEDURES:
     get_device_descriptor                     F9CA       4       4       1   .text       
     is_cfgd_index                             F9CE       A      10       2   .text       
     get_cfg_descriptor                        F9D8       8       8       1   .text       
     is_str_index                              F9E0       9       9       1   .text       
     get_str_descriptor                        F9E9       8       8       2   .text       
     is_ifc_ndx                                F9F1      1A      26       1   .text       
     is_ep_ndx                                 FA0B      24      36       1   .text       
     get_ep_descriptor                         FA2F      27      39       1   .text       
     usb_cfg_init                              FA56       3       3       1   .text       
- VARIABLES:
     string_descriptor0                        FD11       4       4       1   .rodata     
     str_manufacturer                          FD15       1       1       1   .rodata     
     str_config                                FD16       1       1       1   .rodata     
     str_interface1                            FD17       1       1       1   .rodata     
     str_interface2                            FD18       1       1       1   .rodata     
     str_serial_number                         FD19      1E      30       1   .rodata     
     str_product                               FD37      24      36       1   .rodata     
     usb_string_descriptors                    FD5B       E      14       1   .rodata     
     usb_device_descriptor                     FD69      12      18       1   .rodata     
     usb_config_descriptor                     FD7B      43      67       4   .rodata     
MODULE:                 -- usb_cdc.c.o --
- PROCEDURES:
     usb_bus_error_event                       FA59       1       1       1   .text       
     usb_suspend_event                         FA5A       1       1       1   .text       
     usb_wakeup_event                          FA5B       1       1       1   .text       
     usb_reset_event                           FA5C       1       1       1   .text       
     got_line_coding                           FA5D       8       8       1   .text       
     usb_ep0_callback                          FA65      DF     223       1   .text       
     get_char                                  FB44      22      34       7   .text       
     cdc_kbhit                                 FB66       F      15       1   .text       
     cdc_putch                                 FB75      3E      62       7   .text       
     cdc_line_coding_changed                   FBB3      13      19       1   .text       
     cdc_init                                  FBC6      1A      26       1   .text       
     cdc_process                               FBE0      D6     214       5   .text       
- VARIABLES:
     line_coding                                100       7       7       2   .data       
     rx_buffer                                  176      20      32       2   .bss        
     rx_length                                  196       1       1       7   .bss        
     rx_ndx                                     197       1       1       7   .bss        
     cur_tx_buffer                              198       2       2       6   .bss        
     tx_buffer1                                 19A      20      32       3   .bss        
     tx_buffer2                                 1BA      20      32       1   .bss        
     tx_ndx                                     1DA       1       1       7   .bss        
     new_line_coding                            1DB       1       1       4   .bss        
     ctrl_line_state                            1DC       1       1       1   .bss        
     uart_state                                 1DD       2       2       2   .bss        
MODULE:                 -- target.c.o --
- PROCEDURES:
     init_clock                                FCB6      29      41       1   .text       
     _irq_restore                              FCDF       B      11       3   .text       
     _irq_disable                              FCEA       A      10       3   .text       
     hw_init                                   FCF4       9       9       1   .text       
- VARIABLES:

*********************************************************************************************
MODULE STATISTIC
  Name                                      Data   Code  Const
---------------------------------------------------------------------------------------------
  main.c.o                                    70    489     52
  RTSHC08.C.o (ansiis.lib)                     0    391      0
  MC9S08JM60.C.o                             172      0      0
  Start08.c.o                                  0    132      0
  doonstack.asm.o                              0    182      0
  vectors.asm.o                                0      0      2
  usb.c.o                                    111   3524      2
  cdct_usb_config.c.o                          0    143    173
  usb_cdc.c.o                                112    605      0
  target.c.o                                   0     71      0
  other                                        1     20     12

*********************************************************************************************
SECTION USE IN OBJECT-ALLOCATION SECTION
---------------------------------------------------------------------------------------------
SECTION: ".text"
  PinDetect flash_boot_table putstr main _PUSH_ARGS_L _ENTER_BINARY_L 
  _LSUB_k_is_k_minus_j _LCMP_k_rel_j _IMUL_STAR08 _LSUB _LCMP _COPY _POP32 
  _Jump_Table_Header_Addr _Jump_Table_Header_Offset _Search_Table_8_Offset 
  _PUSH_CC _POP_CC usb_get_done usb_ep_is_busy usb_get_state usb_ep_error 
  ep2bdtndx usb_get_rx_pptr send_zero_packet usb_init usb_stop usb_setup_ep 
  set_config enter_default_state usb_stop_ep_tx usb_stop_ep_rx ready_ep_tx 
  ready_ep_rx disable_ep _usb_send usb_send _usb_receive usb_receive 
  cb_set_address usb_stm_ctrl0 usb_it_handler get_device_descriptor 
  is_cfgd_index get_cfg_descriptor is_str_index get_str_descriptor is_ifc_ndx 
  is_ep_ndx get_ep_descriptor usb_cfg_init usb_bus_error_event 
  usb_suspend_event usb_wakeup_event usb_reset_event got_line_coding 
  usb_ep0_callback get_char cdc_kbhit cdc_putch cdc_line_coding_changed 
  cdc_init cdc_process init_clock _irq_restore _irq_disable hw_init 
SECTION: ".data"
  line_coding 
SECTION: ".bss"
  usb_current_config usb_state new_address ep_info rx_buffer rx_length rx_ndx 
  cur_tx_buffer tx_buffer1 tx_buffer2 tx_ndx new_line_coding ctrl_line_state 
  uart_state 
SECTION: ".init"
  loadByte Init _Startup 
SECTION: ".rodata"
  idents string_descriptor0 str_manufacturer str_config str_interface1 
  str_interface2 str_serial_number str_product usb_string_descriptors 
  usb_device_descriptor usb_config_descriptor 
SECTION: ".rodata1"
  STRING.JM32.USB..1 STRING..Version..1.0.24.0..2 
SECTION: "VECTROM"
  boot_table VAR00002 VEC31 VEC30 VEC29 VEC28 VEC27 VEC26 VEC25 VEC24 VEC23 
  VEC22 VEC21 VEC20 VEC19 VEC18 VEC17 VEC16 VEC15 VEC14 VEC13 VEC12 VEC11 VEC10 
  VEC9 VEC8 VEC7 VEC6 VEC5 VEC4 VEC3 VEC2 VEC1 
SECTION: "BLVECTROM"
  bl_boot_table VAR00001 
SECTION: "USRVECTROM"
  usr_boot_table 
SECTION: ".abs_section_ffbf"
  MY_NVOPT 
SECTION: ".abs_section_ffbd"
  MY_NVPROT 
SECTION: ".common"
  file_ptr quit i 
SECTION: ".abs_section_0"
  _PTAD 
SECTION: ".abs_section_1"
  _PTADD 
SECTION: ".abs_section_2"
  _PTBD 
SECTION: ".abs_section_3"
  _PTBDD 
SECTION: ".abs_section_4"
  _PTCD 
SECTION: ".abs_section_5"
  _PTCDD 
SECTION: ".abs_section_6"
  _PTDD 
SECTION: ".abs_section_7"
  _PTDDD 
SECTION: ".abs_section_8"
  _PTED 
SECTION: ".abs_section_9"
  _PTEDD 
SECTION: ".abs_section_a"
  _PTFD 
SECTION: ".abs_section_b"
  _PTFDD 
SECTION: ".abs_section_c"
  _PTGD 
SECTION: ".abs_section_d"
  _PTGDD 
SECTION: ".abs_section_e"
  _ACMPSC 
SECTION: ".abs_section_10"
  _ADCSC1 
SECTION: ".abs_section_11"
  _ADCSC2 
SECTION: ".abs_section_16"
  _ADCCFG 
SECTION: ".abs_section_17"
  _APCTL1 
SECTION: ".abs_section_18"
  _APCTL2 
SECTION: ".abs_section_1b"
  _IRQSC 
SECTION: ".abs_section_1c"
  _KBISC 
SECTION: ".abs_section_1d"
  _KBIPE 
SECTION: ".abs_section_1e"
  _KBIES 
SECTION: ".abs_section_20"
  _TPM1SC 
SECTION: ".abs_section_25"
  _TPM1C0SC 
SECTION: ".abs_section_28"
  _TPM1C1SC 
SECTION: ".abs_section_2b"
  _TPM1C2SC 
SECTION: ".abs_section_2e"
  _TPM1C3SC 
SECTION: ".abs_section_31"
  _TPM1C4SC 
SECTION: ".abs_section_34"
  _TPM1C5SC 
SECTION: ".abs_section_3a"
  _SCI1C1 
SECTION: ".abs_section_3b"
  _SCI1C2 
SECTION: ".abs_section_3c"
  _SCI1S1 
SECTION: ".abs_section_3d"
  _SCI1S2 
SECTION: ".abs_section_3e"
  _SCI1C3 
SECTION: ".abs_section_3f"
  _SCI1D 
SECTION: ".abs_section_42"
  _SCI2C1 
SECTION: ".abs_section_43"
  _SCI2C2 
SECTION: ".abs_section_44"
  _SCI2S1 
SECTION: ".abs_section_45"
  _SCI2S2 
SECTION: ".abs_section_46"
  _SCI2C3 
SECTION: ".abs_section_47"
  _SCI2D 
SECTION: ".abs_section_48"
  _MCGC1 
SECTION: ".abs_section_49"
  _MCGC2 
SECTION: ".abs_section_4a"
  _MCGTRM 
SECTION: ".abs_section_4b"
  _MCGSC 
SECTION: ".abs_section_4c"
  _MCGC3 
SECTION: ".abs_section_50"
  _SPI1C1 
SECTION: ".abs_section_51"
  _SPI1C2 
SECTION: ".abs_section_52"
  _SPI1BR 
SECTION: ".abs_section_53"
  _SPI1S 
SECTION: ".abs_section_58"
  _IICA 
SECTION: ".abs_section_59"
  _IICF 
SECTION: ".abs_section_5a"
  _IICC1 
SECTION: ".abs_section_5b"
  _IICS 
SECTION: ".abs_section_5c"
  _IICD 
SECTION: ".abs_section_5d"
  _IICC2 
SECTION: ".abs_section_60"
  _TPM2SC 
SECTION: ".abs_section_65"
  _TPM2C0SC 
SECTION: ".abs_section_68"
  _TPM2C1SC 
SECTION: ".abs_section_6c"
  _RTCSC 
SECTION: ".abs_section_6d"
  _RTCCNT 
SECTION: ".abs_section_6e"
  _RTCMOD 
SECTION: ".abs_section_70"
  _SPI2C1 
SECTION: ".abs_section_71"
  _SPI2C2 
SECTION: ".abs_section_72"
  _SPI2BR 
SECTION: ".abs_section_73"
  _SPI2S 
SECTION: ".abs_section_80"
  _USBCTL0 
SECTION: ".abs_section_88"
  _PERID 
SECTION: ".abs_section_89"
  _IDCOMP 
SECTION: ".abs_section_8a"
  _REV 
SECTION: ".abs_section_90"
  _INTSTAT 
SECTION: ".abs_section_91"
  _INTENB 
SECTION: ".abs_section_92"
  _ERRSTAT 
SECTION: ".abs_section_93"
  _ERRENB 
SECTION: ".abs_section_94"
  _STAT 
SECTION: ".abs_section_95"
  _CTL 
SECTION: ".abs_section_96"
  _ADDR 
SECTION: ".abs_section_97"
  _FRMNUML 
SECTION: ".abs_section_98"
  _FRMNUMH 
SECTION: ".abs_section_9d"
  _EPCTL0 
SECTION: ".abs_section_9e"
  _EPCTL1 
SECTION: ".abs_section_9f"
  _EPCTL2 
SECTION: ".abs_section_a0"
  _EPCTL3 
SECTION: ".abs_section_a1"
  _EPCTL4 
SECTION: ".abs_section_a2"
  _EPCTL5 
SECTION: ".abs_section_a3"
  _EPCTL6 
SECTION: ".abs_section_1800"
  _SRS 
SECTION: ".abs_section_1801"
  _SBDFR 
SECTION: ".abs_section_1802"
  _SOPT1 
SECTION: ".abs_section_1803"
  _SOPT2 
SECTION: ".abs_section_1809"
  _SPMSC1 
SECTION: ".abs_section_180a"
  _SPMSC2 
SECTION: ".abs_section_1816"
  _DBGC 
SECTION: ".abs_section_1817"
  _DBGT 
SECTION: ".abs_section_1818"
  _DBGS 
SECTION: ".abs_section_1820"
  _FCDIV 
SECTION: ".abs_section_1821"
  _FOPT 
SECTION: ".abs_section_1823"
  _FCNFG 
SECTION: ".abs_section_1824"
  _FPROT 
SECTION: ".abs_section_1825"
  _FSTAT 
SECTION: ".abs_section_1826"
  _FCMD 
SECTION: ".abs_section_1840"
  _PTAPE 
SECTION: ".abs_section_1841"
  _PTASE 
SECTION: ".abs_section_1842"
  _PTADS 
SECTION: ".abs_section_1844"
  _PTBPE 
SECTION: ".abs_section_1845"
  _PTBSE 
SECTION: ".abs_section_1846"
  _PTBDS 
SECTION: ".abs_section_1848"
  _PTCPE 
SECTION: ".abs_section_1849"
  _PTCSE 
SECTION: ".abs_section_184a"
  _PTCDS 
SECTION: ".abs_section_184c"
  _PTDPE 
SECTION: ".abs_section_184d"
  _PTDSE 
SECTION: ".abs_section_184e"
  _PTDDS 
SECTION: ".abs_section_1850"
  _PTEPE 
SECTION: ".abs_section_1851"
  _PTESE 
SECTION: ".abs_section_1852"
  _PTEDS 
SECTION: ".abs_section_1854"
  _PTFPE 
SECTION: ".abs_section_1855"
  _PTFSE 
SECTION: ".abs_section_1856"
  _PTFDS 
SECTION: ".abs_section_1858"
  _PTGPE 
SECTION: ".abs_section_1859"
  _PTGSE 
SECTION: ".abs_section_185a"
  _PTGDS 
SECTION: ".abs_section_12"
  _ADCR 
SECTION: ".abs_section_14"
  _ADCCV 
SECTION: ".abs_section_21"
  _TPM1CNT 
SECTION: ".abs_section_23"
  _TPM1MOD 
SECTION: ".abs_section_26"
  _TPM1C0V 
SECTION: ".abs_section_29"
  _TPM1C1V 
SECTION: ".abs_section_2c"
  _TPM1C2V 
SECTION: ".abs_section_2f"
  _TPM1C3V 
SECTION: ".abs_section_32"
  _TPM1C4V 
SECTION: ".abs_section_35"
  _TPM1C5V 
SECTION: ".abs_section_38"
  _SCI1BD 
SECTION: ".abs_section_40"
  _SCI2BD 
SECTION: ".abs_section_54"
  _SPI1D16 
SECTION: ".abs_section_56"
  _SPI1M 
SECTION: ".abs_section_61"
  _TPM2CNT 
SECTION: ".abs_section_63"
  _TPM2MOD 
SECTION: ".abs_section_66"
  _TPM2C0V 
SECTION: ".abs_section_69"
  _TPM2C1V 
SECTION: ".abs_section_74"
  _SPI2D16 
SECTION: ".abs_section_76"
  _SPI2M 
SECTION: ".abs_section_1806"
  _SDID 
SECTION: ".abs_section_1810"
  _DBGCA 
SECTION: ".abs_section_1812"
  _DBGCB 
SECTION: ".abs_section_1814"
  _DBGF 
SECTION: "MyCode"
  DoOnStack SpMoveLoop I_set I_cont SpSub ChkDone SpSubEnd FlashErase1 
  FlashProg1 SpSubBurst FlashWriteOk ChkDoneBurst SpSubEndBurst FlashProgBurst 
  SpMoveLoopBurst I_setBurst I_contBurst 
SECTION: ".abs_section_fff0"
  _Vector_7 

*********************************************************************************************
OBJECT LIST SORTED BY ADDRESS
     Name                                      Addr   hSize   dSize     Ref    Section   RLIB
---------------------------------------------------------------------------------------------
     _PTAD                                        0       1       1       0   .abs_section_0
     _PTADD                                       1       1       1       0   .abs_section_1
     _PTBD                                        2       1       1       0   .abs_section_2
     _PTBDD                                       3       1       1       0   .abs_section_3
     _PTCD                                        4       1       1       0   .abs_section_4
     _PTCDD                                       5       1       1       4   .abs_section_5
     _PTDD                                        6       1       1       0   .abs_section_6
     _PTDDD                                       7       1       1       2   .abs_section_7
     _PTED                                        8       1       1       0   .abs_section_8
     _PTEDD                                       9       1       1       3   .abs_section_9
     _PTFD                                        A       1       1       0   .abs_section_a
     _PTFDD                                       B       1       1       5   .abs_section_b
     _PTGD                                        C       1       1       2   .abs_section_c
     _PTGDD                                       D       1       1       1   .abs_section_d
     _ACMPSC                                      E       1       1       0   .abs_section_e
     _ADCSC1                                     10       1       1       0   .abs_section_10
     _ADCSC2                                     11       1       1       0   .abs_section_11
     _ADCR                                       12       2       2       0   .abs_section_12
     _ADCCV                                      14       2       2       0   .abs_section_14
     _ADCCFG                                     16       1       1       0   .abs_section_16
     _APCTL1                                     17       1       1       0   .abs_section_17
     _APCTL2                                     18       1       1       0   .abs_section_18
     _IRQSC                                      1B       1       1       0   .abs_section_1b
     _KBISC                                      1C       1       1       0   .abs_section_1c
     _KBIPE                                      1D       1       1       1   .abs_section_1d
     _KBIES                                      1E       1       1       0   .abs_section_1e
     _TPM1SC                                     20       1       1       0   .abs_section_20
     _TPM1CNT                                    21       2       2       0   .abs_section_21
     _TPM1MOD                                    23       2       2       0   .abs_section_23
     _TPM1C0SC                                   25       1       1       0   .abs_section_25
     _TPM1C0V                                    26       2       2       0   .abs_section_26
     _TPM1C1SC                                   28       1       1       0   .abs_section_28
     _TPM1C1V                                    29       2       2       0   .abs_section_29
     _TPM1C2SC                                   2B       1       1       0   .abs_section_2b
     _TPM1C2V                                    2C       2       2       0   .abs_section_2c
     _TPM1C3SC                                   2E       1       1       0   .abs_section_2e
     _TPM1C3V                                    2F       2       2       0   .abs_section_2f
     _TPM1C4SC                                   31       1       1       0   .abs_section_31
     _TPM1C4V                                    32       2       2       0   .abs_section_32
     _TPM1C5SC                                   34       1       1       0   .abs_section_34
     _TPM1C5V                                    35       2       2       0   .abs_section_35
     _SCI1BD                                     38       2       2       0   .abs_section_38
     _SCI1C1                                     3A       1       1       0   .abs_section_3a
     _SCI1C2                                     3B       1       1       0   .abs_section_3b
     _SCI1S1                                     3C       1       1       0   .abs_section_3c
     _SCI1S2                                     3D       1       1       0   .abs_section_3d
     _SCI1C3                                     3E       1       1       0   .abs_section_3e
     _SCI1D                                      3F       1       1       0   .abs_section_3f
     _SCI2BD                                     40       2       2       0   .abs_section_40
     _SCI2C1                                     42       1       1       0   .abs_section_42
     _SCI2C2                                     43       1       1       0   .abs_section_43
     _SCI2S1                                     44       1       1       0   .abs_section_44
     _SCI2S2                                     45       1       1       0   .abs_section_45
     _SCI2C3                                     46       1       1       0   .abs_section_46
     _SCI2D                                      47       1       1       0   .abs_section_47
     _MCGC1                                      48       1       1       2   .abs_section_48
     _MCGC2                                      49       1       1       1   .abs_section_49
     _MCGTRM                                     4A       1       1       0   .abs_section_4a
     _MCGSC                                      4B       1       1       6   .abs_section_4b
     _MCGC3                                      4C       1       1       1   .abs_section_4c
     _SPI1C1                                     50       1       1       0   .abs_section_50
     _SPI1C2                                     51       1       1       0   .abs_section_51
     _SPI1BR                                     52       1       1       0   .abs_section_52
     _SPI1S                                      53       1       1       0   .abs_section_53
     _SPI1D16                                    54       2       2       0   .abs_section_54
     _SPI1M                                      56       2       2       0   .abs_section_56
     _IICA                                       58       1       1       0   .abs_section_58
     _IICF                                       59       1       1       0   .abs_section_59
     _IICC1                                      5A       1       1       0   .abs_section_5a
     _IICS                                       5B       1       1       0   .abs_section_5b
     _IICD                                       5C       1       1       0   .abs_section_5c
     _IICC2                                      5D       1       1       0   .abs_section_5d
     _TPM2SC                                     60       1       1       0   .abs_section_60
     _TPM2CNT                                    61       2       2       0   .abs_section_61
     _TPM2MOD                                    63       2       2       0   .abs_section_63
     _TPM2C0SC                                   65       1       1       0   .abs_section_65
     _TPM2C0V                                    66       2       2       0   .abs_section_66
     _TPM2C1SC                                   68       1       1       0   .abs_section_68
     _TPM2C1V                                    69       2       2       0   .abs_section_69
     _RTCSC                                      6C       1       1       0   .abs_section_6c
     _RTCCNT                                     6D       1       1       0   .abs_section_6d
     _RTCMOD                                     6E       1       1       0   .abs_section_6e
     _SPI2C1                                     70       1       1       0   .abs_section_70
     _SPI2C2                                     71       1       1       0   .abs_section_71
     _SPI2BR                                     72       1       1       0   .abs_section_72
     _SPI2S                                      73       1       1       0   .abs_section_73
     _SPI2D16                                    74       2       2       0   .abs_section_74
     _SPI2M                                      76       2       2       0   .abs_section_76
     _USBCTL0                                    80       1       1       9   .abs_section_80
     _PERID                                      88       1       1       2   .abs_section_88
     _IDCOMP                                     89       1       1       1   .abs_section_89
     _REV                                        8A       1       1       0   .abs_section_8a
     _INTSTAT                                    90       1       1      10   .abs_section_90
     _INTENB                                     91       1       1       7   .abs_section_91
     _ERRSTAT                                    92       1       1       0   .abs_section_92
     _ERRENB                                     93       1       1       1   .abs_section_93
     _STAT                                       94       1       1       3   .abs_section_94
     _CTL                                        95       1       1       7   .abs_section_95
     _ADDR                                       96       1       1       2   .abs_section_96
     _FRMNUML                                    97       1       1       0   .abs_section_97
     _FRMNUMH                                    98       1       1       0   .abs_section_98
     _EPCTL0                                     9D       1       1       8   .abs_section_9d
     _EPCTL1                                     9E       1       1       2   .abs_section_9e
     _EPCTL2                                     9F       1       1       0   .abs_section_9f
     _EPCTL3                                     A0       1       1       0   .abs_section_a0
     _EPCTL4                                     A1       1       1       0   .abs_section_a1
     _EPCTL5                                     A2       1       1       0   .abs_section_a2
     _EPCTL6                                     A3       1       1       0   .abs_section_a3
     line_coding                                100       7       7       2   .data       
     usb_current_config                         107       1       1       2   .bss        
     usb_state                                  108       1       1       5   .bss        
     new_address                                109       1       1       4   .bss        
     ep_info                                    10A      6C     108     139   .bss        
     rx_buffer                                  176      20      32       2   .bss        
     rx_length                                  196       1       1       7   .bss        
     rx_ndx                                     197       1       1       7   .bss        
     cur_tx_buffer                              198       2       2       6   .bss        
     tx_buffer1                                 19A      20      32       3   .bss        
     tx_buffer2                                 1BA      20      32       1   .bss        
     tx_ndx                                     1DA       1       1       7   .bss        
     new_line_coding                            1DB       1       1       4   .bss        
     ctrl_line_state                            1DC       1       1       1   .bss        
     uart_state                                 1DD       2       2       2   .bss        
     file_ptr                                   1DF      44      68      18   .common     
     quit                                       223       1       1       3   .common     
     i                                          224       1       1      15   .common     
     _SRS                                      1800       1       1       0   .abs_section_1800
     _SBDFR                                    1801       1       1       0   .abs_section_1801
     _SOPT1                                    1802       1       1       1   .abs_section_1802
     _SOPT2                                    1803       1       1       0   .abs_section_1803
     _SDID                                     1806       2       2       2   .abs_section_1806
     _SPMSC1                                   1809       1       1       0   .abs_section_1809
     _SPMSC2                                   180A       1       1       0   .abs_section_180a
     _DBGCA                                    1810       2       2       0   .abs_section_1810
     _DBGCB                                    1812       2       2       0   .abs_section_1812
     _DBGF                                     1814       2       2       0   .abs_section_1814
     _DBGC                                     1816       1       1       0   .abs_section_1816
     _DBGT                                     1817       1       1       0   .abs_section_1817
     _DBGS                                     1818       1       1       0   .abs_section_1818
     _FCDIV                                    1820       1       1       1   .abs_section_1820
     _FOPT                                     1821       1       1       0   .abs_section_1821
     _FCNFG                                    1823       1       1       0   .abs_section_1823
     _FPROT                                    1824       1       1       0   .abs_section_1824
     _FSTAT                                    1825       1       1       0   .abs_section_1825
     _FCMD                                     1826       1       1       0   .abs_section_1826
     _PTAPE                                    1840       1       1       0   .abs_section_1840
     _PTASE                                    1841       1       1       0   .abs_section_1841
     _PTADS                                    1842       1       1       0   .abs_section_1842
     _PTBPE                                    1844       1       1       0   .abs_section_1844
     _PTBSE                                    1845       1       1       0   .abs_section_1845
     _PTBDS                                    1846       1       1       0   .abs_section_1846
     _PTCPE                                    1848       1       1       0   .abs_section_1848
     _PTCSE                                    1849       1       1       0   .abs_section_1849
     _PTCDS                                    184A       1       1       0   .abs_section_184a
     _PTDPE                                    184C       1       1       0   .abs_section_184c
     _PTDSE                                    184D       1       1       0   .abs_section_184d
     _PTDDS                                    184E       1       1       0   .abs_section_184e
     _PTEPE                                    1850       1       1       0   .abs_section_1850
     _PTESE                                    1851       1       1       0   .abs_section_1851
     _PTEDS                                    1852       1       1       0   .abs_section_1852
     _PTFPE                                    1854       1       1       0   .abs_section_1854
     _PTFSE                                    1855       1       1       0   .abs_section_1855
     _PTFDS                                    1856       1       1       0   .abs_section_1856
     _PTGPE                                    1858       1       1       1   .abs_section_1858
     _PTGSE                                    1859       1       1       0   .abs_section_1859
     _PTGDS                                    185A       1       1       0   .abs_section_185a
     usr_boot_table                            E5C0       0       0       3   USRVECTROM  
     boot_table                                E7BF       0       0       5   VECTROM     
     VAR00002                                  E7BF       1       1       0   VECTROM     
     VEC31                                     E7C0       0       0       0   VECTROM     
     VEC30                                     E7C0       0       0       0   VECTROM     
     VEC29                                     E7C0       0       0       0   VECTROM     
     VEC28                                     E7C0       0       0       0   VECTROM     
     VEC27                                     E7C0       0       0       0   VECTROM     
     VEC26                                     E7C0       0       0       0   VECTROM     
     VEC25                                     E7C0       0       0       0   VECTROM     
     VEC24                                     E7C0       0       0       0   VECTROM     
     VEC23                                     E7C0       0       0       0   VECTROM     
     VEC22                                     E7C0       0       0       0   VECTROM     
     VEC21                                     E7C0       0       0       0   VECTROM     
     VEC20                                     E7C0       0       0       0   VECTROM     
     VEC19                                     E7C0       0       0       0   VECTROM     
     VEC18                                     E7C0       0       0       0   VECTROM     
     VEC17                                     E7C0       0       0       0   VECTROM     
     VEC16                                     E7C0       0       0       0   VECTROM     
     VEC15                                     E7C0       0       0       0   VECTROM     
     VEC14                                     E7C0       0       0       0   VECTROM     
     VEC13                                     E7C0       0       0       0   VECTROM     
     VEC12                                     E7C0       0       0       0   VECTROM     
     VEC11                                     E7C0       0       0       0   VECTROM     
     VEC10                                     E7C0       0       0       0   VECTROM     
     VEC9                                      E7C0       0       0       0   VECTROM     
     VEC8                                      E7C0       0       0       0   VECTROM     
     VEC7                                      E7C0       0       0       0   VECTROM     
     VEC6                                      E7C0       0       0       0   VECTROM     
     VEC5                                      E7C0       0       0       0   VECTROM     
     VEC4                                      E7C0       0       0       0   VECTROM     
     VEC3                                      E7C0       0       0       0   VECTROM     
     VEC2                                      E7C0       0       0       0   VECTROM     
     VEC1                                      E7C0       0       0       0   VECTROM     
     loadByte                                  E800       E      14       5   .init       
     Init                                      E80E      6D     109       1   .init       
     _Startup                                  E87B       9       9       0   .init       
     PinDetect                                 E896      25      37       2   .text       
     flash_boot_table                          E8BB      46      70       2   .text       
     putstr                                    E901      1E      30       2   .text       
     main                                      E91F     160     352      10   .text       
     _PUSH_ARGS_L                              EA7F      20      32       1   .text       
     _ENTER_BINARY_L                           EA9F      16      22       2   .text       
     _LSUB_k_is_k_minus_j                      EAB5      1F      31       1   .text       
     _LCMP_k_rel_j                             EAD4      1F      31       1   .text       
     _IMUL_STAR08                              EAF3      27      39       3   .text       
     _LSUB                                     EB1A       6       6       3   .text       
     _LCMP                                     EB20       6       6       6   .text       
     _COPY                                     EB26      30      48       3   .text       
     _POP32                                    EB56      1A      26       3   .text       
     _Jump_Table_Header_Addr                   EB70      2F      47       3   .text       
     _Jump_Table_Header_Offset                 EB9F      24      36       2   .text       
     _Search_Table_8_Offset                    EBC3      25      37       1   .text       
     _PUSH_CC                                  EBE8       F      15       1   .text       
     _POP_CC                                   EBF7       F      15       1   .text       
     usb_get_done                              EC06      29      41       1   .text       
     usb_ep_is_busy                            EC2F      13      19       2   .text       
     usb_get_state                             EC42       4       4       1   .text       
     usb_ep_error                              EC46      11      17       2   .text       
     ep2bdtndx                                 EC57      37      55       8   .text       
     usb_get_rx_pptr                           EC8E      35      53       2   .text       
     send_zero_packet                          ECC3      24      36       2   .text       
     usb_init                                  ECE7      24      36       1   .text       
     usb_stop                                  ED0B      22      34       1   .text       
     usb_setup_ep                              ED2D     1B7     439      12   .text       
     set_config                                EEE4      BB     187       2   .text       
     enter_default_state                       EF9F      26      38       3   .text       
     usb_stop_ep_tx                            EFC5      29      41       3   .text       
     usb_stop_ep_rx                            EFEE      29      41       3   .text       
     ready_ep_tx                               F017      3D      61       2   .text       
     ready_ep_rx                               F054      58      88       2   .text       
     disable_ep                                F0AC       6       6       1   .text       
     _usb_send                                 F0B2     20D     525       9   .text       
     usb_send                                  F2BF      C9     201       5   .text       
     _usb_receive                              F388     164     356       5   .text       
     usb_receive                               F4EC      72     114       2   .text       
     cb_set_address                            F55E      1A      26       1   .text       
     usb_stm_ctrl0                             F578     264     612      24   .text       
     usb_it_handler                            F7DC     1EE     494       6   .text       
     get_device_descriptor                     F9CA       4       4       1   .text       
     is_cfgd_index                             F9CE       A      10       2   .text       
     get_cfg_descriptor                        F9D8       8       8       1   .text       
     is_str_index                              F9E0       9       9       1   .text       
     get_str_descriptor                        F9E9       8       8       2   .text       
     is_ifc_ndx                                F9F1      1A      26       1   .text       
     is_ep_ndx                                 FA0B      24      36       1   .text       
     get_ep_descriptor                         FA2F      27      39       1   .text       
     usb_cfg_init                              FA56       3       3       1   .text       
     usb_bus_error_event                       FA59       1       1       1   .text       
     usb_suspend_event                         FA5A       1       1       1   .text       
     usb_wakeup_event                          FA5B       1       1       1   .text       
     usb_reset_event                           FA5C       1       1       1   .text       
     got_line_coding                           FA5D       8       8       1   .text       
     usb_ep0_callback                          FA65      DF     223       1   .text       
     get_char                                  FB44      22      34       7   .text       
     cdc_kbhit                                 FB66       F      15       1   .text       
     cdc_putch                                 FB75      3E      62       7   .text       
     cdc_line_coding_changed                   FBB3      13      19       1   .text       
     cdc_init                                  FBC6      1A      26       1   .text       
     cdc_process                               FBE0      D6     214       5   .text       
     init_clock                                FCB6      29      41       1   .text       
     _irq_restore                              FCDF       B      11       3   .text       
     _irq_disable                              FCEA       A      10       3   .text       
     hw_init                                   FCF4       9       9       1   .text       
     idents                                    FCFD      14      20       1   .rodata     
     string_descriptor0                        FD11       4       4       1   .rodata     
     str_manufacturer                          FD15       1       1       1   .rodata     
     str_config                                FD16       1       1       1   .rodata     
     str_interface1                            FD17       1       1       1   .rodata     
     str_interface2                            FD18       1       1       1   .rodata     
     str_serial_number                         FD19      1E      30       1   .rodata     
     str_product                               FD37      24      36       1   .rodata     
     usb_string_descriptors                    FD5B       E      14       1   .rodata     
     usb_device_descriptor                     FD69      12      18       1   .rodata     
     usb_config_descriptor                     FD7B      43      67       4   .rodata     
     STRING.JM32.USB..1                        FDBE       A      10       1   .rodata1    
     STRING..Version..1.0.24.0..2              FDC8      14      20       1   .rodata1    
     DoOnStack                                 FDDC       6       6       0   MyCode      
     SpMoveLoop                                FDE2      18      24       0   MyCode      
     I_set                                     FDFA       5       5       0   MyCode      
     I_cont                                    FDFF       4       4       0   MyCode      
     SpSub                                     FE03      11      17       1   MyCode      
     ChkDone                                   FE14       6       6       0   MyCode      
     SpSubEnd                                  FE1A       1       1       1   MyCode      
     FlashErase1                               FE1B       D      13       2   MyCode      
     FlashProg1                                FE28       D      13       0   MyCode      
     SpSubBurst                                FE35      2E      46       1   MyCode      
     FlashWriteOk                              FE63       4       4       0   MyCode      
     ChkDoneBurst                              FE67       7       7       0   MyCode      
     SpSubEndBurst                             FE6E       1       1       1   MyCode      
     FlashProgBurst                            FE6F       B      11       2   MyCode      
     SpMoveLoopBurst                           FE7A      14      20       0   MyCode      
     I_setBurst                                FE8E       1       1       0   MyCode      
     I_contBurst                               FE8F       3       3       0   MyCode      
     MY_NVPROT                                 FFBD       1       1       0   .abs_section_ffbd
     MY_NVOPT                                  FFBF       1       1       0   .abs_section_ffbf
     bl_boot_table                             FFC0       0       0       1   BLVECTROM   
     VAR00001                                  FFC0       1       1       0   BLVECTROM   
     _Vector_7                                 FFF0       2       2       0   .abs_section_fff0

*********************************************************************************************
UNUSED-OBJECTS SECTION
---------------------------------------------------------------------------------------------
NOT USED PROCEDURES
RTSHC08.C.o (ansiis.lib):
  _PUSH_ARGS_D _ENTER_UNARY_L _ENTER_UNARY_L64 _ENTER_UNARY_L64_4 
  _ENTER_BINARY_L_RC _ENTER_BINARY_L_LC _ENTER_BINARY_L64 _ENTER_BINARY_L64_LC 
  _ENTER_BINARY_L64_RC _IDIVMOD _SPLITSIGN _LADD_k_is_k_plus_j _k_is_k_plus_j_l 
  _k_is_k_plus_j_i _LAND_k_is_k_and_j _LOR_k_is_k_or_j _LXOR_k_is_k_xor_j 
  _LMUL_k_is_k_mul_j _LDIVMOD _NEG_L_HX _ABS_L_HX _SPLITSIGN_L 
  _LMODU_k_is_k_mod_j _LDIVU_k_is_k_div_j _LMODS_k_is_k_mod_j 
  _LDIVS_k_is_k_div_j _CMP24_k_rel_j _BMULS _BDIVS _BMODS _IDIVS_STAR08 
  _IDIVU_STAR08 _IMODS_STAR08 _IMODU_STAR08 _IDIVU_8 _IMODU_8 _IASR _ILSR _ILSL 
  _ICMP _LINC _LDEC _LNEG _LNOT _LADD _LADD_RC _LSUB_LC _LSUB_RC _LAND _LAND_RC 
  _LOR _LOR_RC _LXOR _LXOR_RC _LMUL _LMUL_RC _LDIVS _LDIVS_LC _LDIVS_RC _LDIVU 
  _LDIVU_LC _LDIVU_RC _LMODS _LMODS_LC _LMODS_RC _LMODU _LMODU_LC _LMODU_RC 
  _LASR _LLSR _LLSL _LCMP_RC _PUSH_ARGS_24 _ENTER_BINARY_24_RC _ENTER_BINARY_24 
  _CMP24 _CMP24_RC _COPY_L _POP64 _STORE32 _STORE64 _SEXT8_32 _SEXT16_32 
  _CALL_STAR08 _CALL_STAR08_FAR _Jump_Table_Addr _Jump_Table_Offset 
  _Search_Table_16_Addr _Search_Table_16_Offset _Search_Table_8_Addr 
  _CONV_FAR_TO_NEAR _CONV_FAR_TO_LINEAR _CONV_LINEAR_TO_FAR 
usb.c.o:
  usb_abort_ep 
usb_cdc.c.o:
  cdc_getch cdc_get_line_coding 
target.c.o:
  init_board 
NOT USED VARIABLES
RTSHC08.C.o (ansiis.lib):
  _PowOfTwo_8 _PowOfTwo_16 _PowOfTwo_32 errno 

*********************************************************************************************
COPYDOWN SECTION
---------------------------------------------------------------------------------------------
------- ROM-ADDRESS: 0xFE92 ---- SIZE       4 ---
Filling bytes inserted
 00060101
------- ROM-ADDRESS: 0xFE96 ---- RAM-ADDRESS: 0x101 ---- SIZE       6 ---
Name of initialized Object : line_coding:1
 C201000000 08
------- ROM-ADDRESS: 0xFE9C ---- SIZE       2 ---
Filling bytes inserted
 0000

*********************************************************************************************
OBJECT-DEPENDENCIES SECTION
---------------------------------------------------------------------------------------------
Init                      USES _startupData loadByte 
_Startup                  USES __SEG_END_SSTACK Init main 
PinDetect                 USES _PTGPE _PTGDD _KBIPE _PTGD i 
flash_boot_table          USES boot_table FlashErase1 file_ptr i 
                                FlashProgBurst 
putstr                    USES cdc_putch cdc_process 
main                      USES boot_table PinDetect main _PTEDD hw_init _FCDIV 
                                usb_cfg_init cdc_init bl_boot_table flash_boot_table 
                                cdc_line_coding_changed get_char quit _Search_Table_8_Offset _PTFDD 
                                file_ptr cdc_putch FlashErase1 _PTCDD i FlashProgBurst 
                                _SDID idents STRING.JM32.USB..1 putstr 
                                STRING..Version..1.0.24.0..2 _PTDDD usb_stop usr_boot_table 
_ENTER_BINARY_L           USES _PUSH_ARGS_L 
_LSUB                     USES _ENTER_BINARY_L _LSUB_k_is_k_minus_j 
_LCMP                     USES _ENTER_BINARY_L _LCMP_k_rel_j 
usb_get_done              USES ep_info _LSUB _POP32 
usb_ep_is_busy            USES ep_info _PUSH_CC _POP_CC 
usb_get_state             USES usb_state 
usb_ep_error              USES ep_info 
usb_get_rx_pptr           USES ep2bdtndx 
send_zero_packet          USES _STAT ep2bdtndx ready_ep_tx 
usb_init                  USES _PERID _IDCOMP _USBCTL0 _INTSTAT _ERRENB 
                                _INTENB _CTL 
usb_stop                  USES _USBCTL0 _CTL enter_default_state usb_setup_ep 
                                usb_state 
usb_setup_ep              USES disable_ep ep_info usb_setup_ep _EPCTL0 _CTL 
                                _IMUL_STAR08 
set_config                USES _CTL usb_current_config get_ep_descriptor 
                                usb_setup_ep is_ep_ndx is_ifc_ndx usb_state 
enter_default_state       USES usb_setup_ep set_config _ADDR _INTSTAT 
                                usb_state new_address _INTENB 
usb_stop_ep_tx            USES _irq_disable _EPCTL0 _EPCTL1 _irq_restore 
usb_stop_ep_rx            USES _irq_disable _EPCTL0 _EPCTL1 _irq_restore 
ready_ep_tx               USES ep2bdtndx ep_info _IMUL_STAR08 
ready_ep_rx               USES ep2bdtndx _IMUL_STAR08 ep_info 
disable_ep                USES _EPCTL0 
_usb_send                 USES ep_info _usb_send _LCMP ep2bdtndx ready_ep_tx 
                                _LSUB _POP32 send_zero_packet 
usb_send                  USES _LCMP ep_info _COPY _irq_disable _usb_send 
                                _irq_restore 
_usb_receive              USES ep2bdtndx _usb_receive _LCMP usb_stop_ep_rx 
                                ep_info _LSUB _POP32 
usb_receive               USES ep_info _COPY ready_ep_rx 
cb_set_address            USES new_address usb_state _ADDR enter_default_state 
usb_stm_ctrl0             USES usb_get_rx_pptr usb_stm_ctrl0 
                                _Jump_Table_Header_Addr new_address cb_set_address ep_info 
                                get_device_descriptor is_cfgd_index get_cfg_descriptor usb_send 
                                is_str_index get_str_descriptor usb_current_config 
                                set_config ep2bdtndx usb_ep0_callback 
usb_it_handler            USES _INTENB _INTSTAT enter_default_state 
                                usb_reset_event usb_it_handler usb_bus_error_event 
                                usb_wakeup_event usb_suspend_event _STAT ep_info 
                                _Jump_Table_Header_Offset _CTL usb_stm_ctrl0 usb_stop_ep_tx 
                                usb_stop_ep_rx _usb_send _usb_receive send_zero_packet 
                                ready_ep_rx 
get_device_descriptor     USES usb_device_descriptor 
get_cfg_descriptor        USES usb_config_descriptor 
get_str_descriptor        USES usb_string_descriptors 
get_ep_descriptor         USES usb_config_descriptor 
usb_cfg_init              USES usb_init 
got_line_coding           USES new_line_coding 
usb_ep0_callback          USES usb_get_rx_pptr uart_state line_coding usb_send 
                                got_line_coding usb_receive ctrl_line_state 
get_char                  USES cdc_process cdc_kbhit rx_length rx_ndx 
                                rx_buffer 
cdc_kbhit                 USES rx_ndx rx_length 
cdc_putch                 USES tx_ndx cur_tx_buffer cdc_process 
cdc_line_coding_changed   USES new_line_coding 
cdc_init                  USES new_line_coding uart_state tx_buffer1 
                                cur_tx_buffer tx_ndx rx_length rx_ndx 
cdc_process               USES usb_get_state cdc_process usb_ep_is_busy rx_ndx 
                                rx_length usb_ep_error usb_get_done rx_buffer 
                                usb_receive tx_ndx cur_tx_buffer usb_send tx_buffer1 
                                tx_buffer2 
init_clock                USES _MCGC2 _MCGSC _MCGC1 _MCGC3 
hw_init                   USES _SOPT1 init_clock 
idents                    USES usr_boot_table 
usb_string_descriptors    USES string_descriptor0 str_manufacturer str_product 
                                str_serial_number str_config str_interface1 str_interface2 
DoOnStack                 USES SpSubEnd 
SpMoveLoop                USES SpSub 
FlashProgBurst            USES SpSubEndBurst 
SpMoveLoopBurst           USES SpSubBurst 
_Vector_7                 USES usb_it_handler 

*********************************************************************************************
DEPENDENCY TREE
*********************************************************************************************
 main and _Startup Group
 | 
 +- main                
 |  | 
 |  +- PinDetect           
 |  |    
 |  +- hw_init             
 |  |  | 
 |  |  +- init_clock          
 |  |       
 |  +- usb_cfg_init        
 |  |  | 
 |  |  +- usb_init            
 |  |       
 |  +- cdc_init            
 |  |    
 |  +- flash_boot_table    
 |  |  | 
 |  |  +- FlashErase1         
 |  |  |    
 |  |  +- FlashProgBurst      
 |  |     | 
 |  |     +- SpSubEndBurst       
 |  |          
 |  +- cdc_line_coding_changed
 |  |    
 |  +- get_char            
 |  |  | 
 |  |  +- cdc_process         
 |  |  |  | 
 |  |  |  +- usb_get_state       
 |  |  |  |    
 |  |  |  +- usb_ep_is_busy      
 |  |  |  |  | 
 |  |  |  |  +- _PUSH_CC            
 |  |  |  |  |    
 |  |  |  |  +- _POP_CC             
 |  |  |  |       
 |  |  |  +- usb_ep_error        
 |  |  |  |    
 |  |  |  +- usb_get_done        
 |  |  |  |  | 
 |  |  |  |  +- _LSUB               
 |  |  |  |  |  | 
 |  |  |  |  |  +- _ENTER_BINARY_L     
 |  |  |  |  |  |  | 
 |  |  |  |  |  |  +- _PUSH_ARGS_L        
 |  |  |  |  |  |       
 |  |  |  |  |  +- _LSUB_k_is_k_minus_j
 |  |  |  |  |       
 |  |  |  |  +- _POP32              
 |  |  |  |       
 |  |  |  +- usb_receive         
 |  |  |  |  | 
 |  |  |  |  +- _COPY               
 |  |  |  |  |    
 |  |  |  |  +- ready_ep_rx         
 |  |  |  |     | 
 |  |  |  |     +- ep2bdtndx           
 |  |  |  |     |    
 |  |  |  |     +- _IMUL_STAR08        
 |  |  |  |          
 |  |  |  +- usb_send            
 |  |  |     | 
 |  |  |     +- _LCMP               
 |  |  |     |  | 
 |  |  |     |  +- _ENTER_BINARY_L      (see above)
 |  |  |     |  |  
 |  |  |     |  +- _LCMP_k_rel_j       
 |  |  |     |       
 |  |  |     +- _COPY                (see above)
 |  |  |     |  
 |  |  |     +- _irq_disable        
 |  |  |     |    
 |  |  |     +- _usb_send           
 |  |  |     |  | 
 |  |  |     |  +- _LCMP                (see above)
 |  |  |     |  |  
 |  |  |     |  +- ep2bdtndx            (see above)
 |  |  |     |  |  
 |  |  |     |  +- ready_ep_tx         
 |  |  |     |  |  | 
 |  |  |     |  |  +- ep2bdtndx            (see above)
 |  |  |     |  |  |  
 |  |  |     |  |  +- _IMUL_STAR08         (see above)
 |  |  |     |  |     
 |  |  |     |  +- _LSUB                (see above)
 |  |  |     |  |  
 |  |  |     |  +- _POP32               (see above)
 |  |  |     |  |  
 |  |  |     |  +- send_zero_packet    
 |  |  |     |     | 
 |  |  |     |     +- ep2bdtndx            (see above)
 |  |  |     |     |  
 |  |  |     |     +- ready_ep_tx          (see above)
 |  |  |     |        
 |  |  |     +- _irq_restore        
 |  |  |          
 |  |  +- cdc_kbhit           
 |  |       
 |  +- _Search_Table_8_Offset
 |  |    
 |  +- cdc_putch           
 |  |  | 
 |  |  +- cdc_process          (see above)
 |  |     
 |  +- FlashErase1          (see above)
 |  |  
 |  +- FlashProgBurst       (see above)
 |  |  
 |  +- putstr              
 |  |  | 
 |  |  +- cdc_putch            (see above)
 |  |  |  
 |  |  +- cdc_process          (see above)
 |  |     
 |  +- usb_stop            
 |     | 
 |     +- enter_default_state 
 |     |  | 
 |     |  +- usb_setup_ep        
 |     |  |  | 
 |     |  |  +- disable_ep          
 |     |  |  |    
 |     |  |  +- _IMUL_STAR08         (see above)
 |     |  |     
 |     |  +- set_config          
 |     |     | 
 |     |     +- get_ep_descriptor   
 |     |     |    
 |     |     +- usb_setup_ep         (see above)
 |     |     |  
 |     |     +- is_ep_ndx           
 |     |     |    
 |     |     +- is_ifc_ndx          
 |     |          
 |     +- usb_setup_ep         (see above)
 |        
 +- _Startup            
    | 
    +- Init                
    |  | 
    |  +- loadByte            
    |       
    +- main                 (see above)
       
 _Vector_7           
 | 
 +- usb_it_handler      
    | 
    +- enter_default_state  (see above)
    |  
    +- usb_reset_event     
    |    
    +- usb_bus_error_event 
    |    
    +- usb_wakeup_event    
    |    
    +- usb_suspend_event   
    |    
    +- _Jump_Table_Header_Offset
    |    
    +- usb_stm_ctrl0       
    |  | 
    |  +- usb_get_rx_pptr     
    |  |  | 
    |  |  +- ep2bdtndx            (see above)
    |  |     
    |  +- _Jump_Table_Header_Addr
    |  |    
    |  +- cb_set_address      
    |  |  | 
    |  |  +- enter_default_state  (see above)
    |  |     
    |  +- get_device_descriptor
    |  |    
    |  +- is_cfgd_index       
    |  |    
    |  +- get_cfg_descriptor  
    |  |    
    |  +- usb_send             (see above)
    |  |  
    |  +- is_str_index        
    |  |    
    |  +- get_str_descriptor  
    |  |    
    |  +- set_config           (see above)
    |  |  
    |  +- ep2bdtndx            (see above)
    |  |  
    |  +- usb_ep0_callback    
    |     | 
    |     +- usb_get_rx_pptr      (see above)
    |     |  
    |     +- usb_send             (see above)
    |     |  
    |     +- got_line_coding     
    |     |    
    |     +- usb_receive          (see above)
    |        
    +- usb_stop_ep_tx      
    |  | 
    |  +- _irq_disable         (see above)
    |  |  
    |  +- _irq_restore         (see above)
    |     
    +- usb_stop_ep_rx      
    |  | 
    |  +- _irq_disable         (see above)
    |  |  
    |  +- _irq_restore         (see above)
    |     
    +- _usb_send            (see above)
    |  
    +- _usb_receive        
    |  | 
    |  +- ep2bdtndx            (see above)
    |  |  
    |  +- _LCMP                (see above)
    |  |  
    |  +- usb_stop_ep_rx       (see above)
    |  |  
    |  +- _LSUB                (see above)
    |  |  
    |  +- _POP32               (see above)
    |     
    +- send_zero_packet     (see above)
    |  
    +- ready_ep_rx          (see above)
       
*********************************************************************************************
STATISTIC SECTION
---------------------------------------------------------------------------------------------

ExeFile:
--------
Number of blocks to be downloaded: 12
Total size of all blocks to be downloaded: 5798

